Vivado Simulator v2022.2
Copyright 1986-1999, 2001-2022 Xilinx, Inc. All Rights Reserved.
Running: D:/ECE316/Vivado/2022.2/bin/unwrapped/win64.o/xelab.exe --incr --debug typical --relax --mt 2 -L xil_defaultlib -L unisims_ver -L unimacro_ver -L secureip --snapshot bp_top_tb_behav xil_defaultlib.bp_top_tb xil_defaultlib.glbl -log elaborate.log 
Using 2 slave threads.
Starting static elaboration
Pass Through NonSizing Optimizer
Completed static elaboration
Starting simulation data flow analysis
WARNING: [XSIM 43-4099] "D:/ECE382M/Final_Proj/Final_Project/Final_Project.srcs/sources_1/new/top_bp.v" Line 1. Module top_bp doesn't have a timescale but at least one module in design has a timescale.
WARNING: [XSIM 43-4099] "D:/ECE382M/Final_Proj/Final_Project/Final_Project.srcs/sources_1/new/memory.v" Line 13. Module memory(test=60000) doesn't have a timescale but at least one module in design has a timescale.
WARNING: [XSIM 43-4099] "D:/ECE382M/Final_Proj/Final_Project/Final_Project.srcs/sources_1/imports/TAGE-Branch-Predictor/bpi.v" Line 8. Module bpi doesn't have a timescale but at least one module in design has a timescale.
WARNING: [XSIM 43-4099] "D:/ECE382M/Final_Proj/Final_Project/Final_Project.srcs/sources_1/new/base_pred.v" Line 16. Module base_pred_default doesn't have a timescale but at least one module in design has a timescale.
WARNING: [XSIM 43-4099] "D:/ECE382M/Final_Proj/Final_Project/Final_Project.srcs/sources_1/new/pred_ctr.v" Line 22. Module pred_ctr doesn't have a timescale but at least one module in design has a timescale.
WARNING: [XSIM 43-4099] "D:/ECE382M/Final_Proj/Final_Project/Final_Project.srcs/sources_1/new/pred_ctr.v" Line 22. Module pred_ctr doesn't have a timescale but at least one module in design has a timescale.
WARNING: [XSIM 43-4099] "D:/ECE382M/Final_Proj/Final_Project/Final_Project.srcs/sources_1/new/pred_ctr.v" Line 22. Module pred_ctr doesn't have a timescale but at least one module in design has a timescale.
WARNING: [XSIM 43-4099] "D:/ECE382M/Final_Proj/Final_Project/Final_Project.srcs/sources_1/new/pred_ctr.v" Line 22. Module pred_ctr doesn't have a timescale but at least one module in design has a timescale.
WARNING: [XSIM 43-4099] "D:/ECE382M/Final_Proj/Final_Project/Final_Project.srcs/sources_1/new/pred_ctr.v" Line 22. Module pred_ctr doesn't have a timescale but at least one module in design has a timescale.
WARNING: [XSIM 43-4099] "D:/ECE382M/Final_Proj/Final_Project/Final_Project.srcs/sources_1/new/pred_ctr.v" Line 22. Module pred_ctr doesn't have a timescale but at least one module in design has a timescale.
WARNING: [XSIM 43-4099] "D:/ECE382M/Final_Proj/Final_Project/Final_Project.srcs/sources_1/new/pred_ctr.v" Line 22. Module pred_ctr doesn't have a timescale but at least one module in design has a timescale.
WARNING: [XSIM 43-4099] "D:/ECE382M/Final_Proj/Final_Project/Final_Project.srcs/sources_1/new/pred_ctr.v" Line 22. Module pred_ctr doesn't have a timescale but at least one module in design has a timescale.
WARNING: [XSIM 43-4099] "D:/ECE382M/Final_Proj/Final_Project/Final_Project.srcs/sources_1/new/pred_ctr.v" Line 22. Module pred_ctr doesn't have a timescale but at least one module in design has a timescale.
WARNING: [XSIM 43-4099] "D:/ECE382M/Final_Proj/Final_Project/Final_Project.srcs/sources_1/new/pred_ctr.v" Line 22. Module pred_ctr doesn't have a timescale but at least one module in design has a timescale.
WARNING: [XSIM 43-4099] "D:/ECE382M/Final_Proj/Final_Project/Final_Project.srcs/sources_1/new/pred_ctr.v" Line 22. Module pred_ctr doesn't have a timescale but at least one module in design has a timescale.
WARNING: [XSIM 43-4099] "D:/ECE382M/Final_Proj/Final_Project/Final_Project.srcs/sources_1/new/pred_ctr.v" Line 22. Module pred_ctr doesn't have a timescale but at least one module in design has a timescale.
WARNING: [XSIM 43-4099] "D:/ECE382M/Final_Proj/Final_Project/Final_Project.srcs/sources_1/new/pred_ctr.v" Line 22. Module pred_ctr doesn't have a timescale but at least one module in design has a timescale.
WARNING: [XSIM 43-4099] "D:/ECE382M/Final_Proj/Final_Project/Final_Project.srcs/sources_1/new/pred_ctr.v" Line 22. Module pred_ctr doesn't have a timescale but at least one module in design has a timescale.
WARNING: [XSIM 43-4099] "D:/ECE382M/Final_Proj/Final_Project/Final_Project.srcs/sources_1/new/pred_ctr.v" Line 22. Module pred_ctr doesn't have a timescale but at least one module in design has a timescale.
WARNING: [XSIM 43-4099] "D:/ECE382M/Final_Proj/Final_Project/Final_Project.srcs/sources_1/new/pred_ctr.v" Line 22. Module pred_ctr doesn't have a timescale but at least one module in design has a timescale.
WARNING: [XSIM 43-4099] "D:/ECE382M/Final_Proj/Final_Project/Final_Project.srcs/sources_1/new/pred_ctr.v" Line 22. Module pred_ctr doesn't have a timescale but at least one module in design has a timescale.
WARNING: [XSIM 43-4099] "D:/ECE382M/Final_Proj/Final_Project/Final_Project.srcs/sources_1/new/pred_ctr.v" Line 22. Module pred_ctr doesn't have a timescale but at least one module in design has a timescale.
WARNING: [XSIM 43-4099] "D:/ECE382M/Final_Proj/Final_Project/Final_Project.srcs/sources_1/new/pred_ctr.v" Line 22. Module pred_ctr doesn't have a timescale but at least one module in design has a timescale.
WARNING: [XSIM 43-4099] "D:/ECE382M/Final_Proj/Final_Project/Final_Project.srcs/sources_1/new/pred_ctr.v" Line 22. Module pred_ctr doesn't have a timescale but at least one module in design has a timescale.
WARNING: [XSIM 43-4099] "D:/ECE382M/Final_Proj/Final_Project/Final_Project.srcs/sources_1/new/pred_ctr.v" Line 22. Module pred_ctr doesn't have a timescale but at least one module in design has a timescale.
WARNING: [XSIM 43-4099] "D:/ECE382M/Final_Proj/Final_Project/Final_Project.srcs/sources_1/new/pred_ctr.v" Line 22. Module pred_ctr doesn't have a timescale but at least one module in design has a timescale.
WARNING: [XSIM 43-4099] "D:/ECE382M/Final_Proj/Final_Project/Final_Project.srcs/sources_1/new/pred_ctr.v" Line 22. Module pred_ctr doesn't have a timescale but at least one module in design has a timescale.
WARNING: [XSIM 43-4099] "D:/ECE382M/Final_Proj/Final_Project/Final_Project.srcs/sources_1/new/pred_ctr.v" Line 22. Module pred_ctr doesn't have a timescale but at least one module in design has a timescale.
WARNING: [XSIM 43-4099] "D:/ECE382M/Final_Proj/Final_Project/Final_Project.srcs/sources_1/new/pred_ctr.v" Line 22. Module pred_ctr doesn't have a timescale but at least one module in design has a timescale.
WARNING: [XSIM 43-4099] "D:/ECE382M/Final_Proj/Final_Project/Final_Project.srcs/sources_1/new/pred_ctr.v" Line 22. Module pred_ctr doesn't have a timescale but at least one module in design has a timescale.
WARNING: [XSIM 43-4099] "D:/ECE382M/Final_Proj/Final_Project/Final_Project.srcs/sources_1/new/pred_ctr.v" Line 22. Module pred_ctr doesn't have a timescale but at least one module in design has a timescale.
WARNING: [XSIM 43-4099] "D:/ECE382M/Final_Proj/Final_Project/Final_Project.srcs/sources_1/new/pred_ctr.v" Line 22. Module pred_ctr doesn't have a timescale but at least one module in design has a timescale.
WARNING: [XSIM 43-4099] "D:/ECE382M/Final_Proj/Final_Project/Final_Project.srcs/sources_1/new/pred_ctr.v" Line 22. Module pred_ctr doesn't have a timescale but at least one module in design has a timescale.
WARNING: [XSIM 43-4099] "D:/ECE382M/Final_Proj/Final_Project/Final_Project.srcs/sources_1/new/pred_ctr.v" Line 22. Module pred_ctr doesn't have a timescale but at least one module in design has a timescale.
WARNING: [XSIM 43-4099] "D:/ECE382M/Final_Proj/Final_Project/Final_Project.srcs/sources_1/new/pred_ctr.v" Line 22. Module pred_ctr doesn't have a timescale but at least one module in design has a timescale.
WARNING: [XSIM 43-4099] "D:/ECE382M/Final_Proj/Final_Project/Final_Project.srcs/sources_1/new/pred_ctr.v" Line 22. Module pred_ctr doesn't have a timescale but at least one module in design has a timescale.
WARNING: [XSIM 43-4099] "D:/ECE382M/Final_Proj/Final_Project/Final_Project.srcs/sources_1/new/pred_ctr.v" Line 22. Module pred_ctr doesn't have a timescale but at least one module in design has a timescale.
WARNING: [XSIM 43-4099] "D:/ECE382M/Final_Proj/Final_Project/Final_Project.srcs/sources_1/new/pred_ctr.v" Line 22. Module pred_ctr doesn't have a timescale but at least one module in design has a timescale.
WARNING: [XSIM 43-4099] "D:/ECE382M/Final_Proj/Final_Project/Final_Project.srcs/sources_1/new/pred_ctr.v" Line 22. Module pred_ctr doesn't have a timescale but at least one module in design has a timescale.
WARNING: [XSIM 43-4099] "D:/ECE382M/Final_Proj/Final_Project/Final_Project.srcs/sources_1/new/pred_ctr.v" Line 22. Module pred_ctr doesn't have a timescale but at least one module in design has a timescale.
WARNING: [XSIM 43-4099] "D:/ECE382M/Final_Proj/Final_Project/Final_Project.srcs/sources_1/new/pred_ctr.v" Line 22. Module pred_ctr doesn't have a timescale but at least one module in design has a timescale.
WARNING: [XSIM 43-4099] "D:/ECE382M/Final_Proj/Final_Project/Final_Project.srcs/sources_1/new/pred_ctr.v" Line 22. Module pred_ctr doesn't have a timescale but at least one module in design has a timescale.
WARNING: [XSIM 43-4099] "D:/ECE382M/Final_Proj/Final_Project/Final_Project.srcs/sources_1/new/pred_ctr.v" Line 22. Module pred_ctr doesn't have a timescale but at least one module in design has a timescale.
WARNING: [XSIM 43-4099] "D:/ECE382M/Final_Proj/Final_Project/Final_Project.srcs/sources_1/new/pred_ctr.v" Line 22. Module pred_ctr doesn't have a timescale but at least one module in design has a timescale.
WARNING: [XSIM 43-4099] "D:/ECE382M/Final_Proj/Final_Project/Final_Project.srcs/sources_1/new/pred_ctr.v" Line 22. Module pred_ctr doesn't have a timescale but at least one module in design has a timescale.
WARNING: [XSIM 43-4099] "D:/ECE382M/Final_Proj/Final_Project/Final_Project.srcs/sources_1/new/pred_ctr.v" Line 22. Module pred_ctr doesn't have a timescale but at least one module in design has a timescale.
WARNING: [XSIM 43-4099] "D:/ECE382M/Final_Proj/Final_Project/Final_Project.srcs/sources_1/new/pred_ctr.v" Line 22. Module pred_ctr doesn't have a timescale but at least one module in design has a timescale.
WARNING: [XSIM 43-4099] "D:/ECE382M/Final_Proj/Final_Project/Final_Project.srcs/sources_1/new/pred_ctr.v" Line 22. Module pred_ctr doesn't have a timescale but at least one module in design has a timescale.
WARNING: [XSIM 43-4099] "D:/ECE382M/Final_Proj/Final_Project/Final_Project.srcs/sources_1/new/pred_ctr.v" Line 22. Module pred_ctr doesn't have a timescale but at least one module in design has a timescale.
WARNING: [XSIM 43-4099] "D:/ECE382M/Final_Proj/Final_Project/Final_Project.srcs/sources_1/new/pred_ctr.v" Line 22. Module pred_ctr doesn't have a timescale but at least one module in design has a timescale.
WARNING: [XSIM 43-4099] "D:/ECE382M/Final_Proj/Final_Project/Final_Project.srcs/sources_1/new/pred_ctr.v" Line 22. Module pred_ctr doesn't have a timescale but at least one module in design has a timescale.
WARNING: [XSIM 43-4099] "D:/ECE382M/Final_Proj/Final_Project/Final_Project.srcs/sources_1/new/pred_ctr.v" Line 22. Module pred_ctr doesn't have a timescale but at least one module in design has a timescale.
WARNING: [XSIM 43-4099] "D:/ECE382M/Final_Proj/Final_Project/Final_Project.srcs/sources_1/new/pred_ctr.v" Line 22. Module pred_ctr doesn't have a timescale but at least one module in design has a timescale.
WARNING: [XSIM 43-4099] "D:/ECE382M/Final_Proj/Final_Project/Final_Project.srcs/sources_1/new/pred_ctr.v" Line 22. Module pred_ctr doesn't have a timescale but at least one module in design has a timescale.
WARNING: [XSIM 43-4099] "D:/ECE382M/Final_Proj/Final_Project/Final_Project.srcs/sources_1/new/pred_ctr.v" Line 22. Module pred_ctr doesn't have a timescale but at least one module in design has a timescale.
WARNING: [XSIM 43-4099] "D:/ECE382M/Final_Proj/Final_Project/Final_Project.srcs/sources_1/new/pred_ctr.v" Line 22. Module pred_ctr doesn't have a timescale but at least one module in design has a timescale.
WARNING: [XSIM 43-4099] "D:/ECE382M/Final_Proj/Final_Project/Final_Project.srcs/sources_1/new/pred_ctr.v" Line 22. Module pred_ctr doesn't have a timescale but at least one module in design has a timescale.
WARNING: [XSIM 43-4099] "D:/ECE382M/Final_Proj/Final_Project/Final_Project.srcs/sources_1/new/pred_ctr.v" Line 22. Module pred_ctr doesn't have a timescale but at least one module in design has a timescale.
WARNING: [XSIM 43-4099] "D:/ECE382M/Final_Proj/Final_Project/Final_Project.srcs/sources_1/new/pred_ctr.v" Line 22. Module pred_ctr doesn't have a timescale but at least one module in design has a timescale.
WARNING: [XSIM 43-4099] "D:/ECE382M/Final_Proj/Final_Project/Final_Project.srcs/sources_1/new/pred_ctr.v" Line 22. Module pred_ctr doesn't have a timescale but at least one module in design has a timescale.
WARNING: [XSIM 43-4099] "D:/ECE382M/Final_Proj/Final_Project/Final_Project.srcs/sources_1/new/pred_ctr.v" Line 22. Module pred_ctr doesn't have a timescale but at least one module in design has a timescale.
WARNING: [XSIM 43-4099] "D:/ECE382M/Final_Proj/Final_Project/Final_Project.srcs/sources_1/new/pred_ctr.v" Line 22. Module pred_ctr doesn't have a timescale but at least one module in design has a timescale.
WARNING: [XSIM 43-4099] "D:/ECE382M/Final_Proj/Final_Project/Final_Project.srcs/sources_1/new/pred_ctr.v" Line 22. Module pred_ctr doesn't have a timescale but at least one module in design has a timescale.
WARNING: [XSIM 43-4099] "D:/ECE382M/Final_Proj/Final_Project/Final_Project.srcs/sources_1/new/pred_ctr.v" Line 22. Module pred_ctr doesn't have a timescale but at least one module in design has a timescale.
WARNING: [XSIM 43-4099] "D:/ECE382M/Final_Proj/Final_Project/Final_Project.srcs/sources_1/new/pred_ctr.v" Line 22. Module pred_ctr doesn't have a timescale but at least one module in design has a timescale.
WARNING: [XSIM 43-4099] "D:/ECE382M/Final_Proj/Final_Project/Final_Project.srcs/sources_1/new/pred_ctr.v" Line 22. Module pred_ctr doesn't have a timescale but at least one module in design has a timescale.
WARNING: [XSIM 43-4099] "D:/ECE382M/Final_Proj/Final_Project/Final_Project.srcs/sources_1/new/pred_ctr.v" Line 22. Module pred_ctr doesn't have a timescale but at least one module in design has a timescale.
WARNING: [XSIM 43-4099] "D:/ECE382M/Final_Proj/Final_Project/Final_Project.srcs/sources_1/new/pred_ctr.v" Line 22. Module pred_ctr doesn't have a timescale but at least one module in design has a timescale.
WARNING: [XSIM 43-4099] "D:/ECE382M/Final_Proj/Final_Project/Final_Project.srcs/sources_1/new/pred_ctr.v" Line 22. Module pred_ctr doesn't have a timescale but at least one module in design has a timescale.
WARNING: [XSIM 43-4099] "D:/ECE382M/Final_Proj/Final_Project/Final_Project.srcs/sources_1/new/pred_ctr.v" Line 22. Module pred_ctr doesn't have a timescale but at least one module in design has a timescale.
WARNING: [XSIM 43-4099] "D:/ECE382M/Final_Proj/Final_Project/Final_Project.srcs/sources_1/new/pred_ctr.v" Line 22. Module pred_ctr doesn't have a timescale but at least one module in design has a timescale.
WARNING: [XSIM 43-4099] "D:/ECE382M/Final_Proj/Final_Project/Final_Project.srcs/sources_1/new/pred_ctr.v" Line 22. Module pred_ctr doesn't have a timescale but at least one module in design has a timescale.
WARNING: [XSIM 43-4099] "D:/ECE382M/Final_Proj/Final_Project/Final_Project.srcs/sources_1/new/pred_ctr.v" Line 22. Module pred_ctr doesn't have a timescale but at least one module in design has a timescale.
WARNING: [XSIM 43-4099] "D:/ECE382M/Final_Proj/Final_Project/Final_Project.srcs/sources_1/new/pred_ctr.v" Line 22. Module pred_ctr doesn't have a timescale but at least one module in design has a timescale.
WARNING: [XSIM 43-4099] "D:/ECE382M/Final_Proj/Final_Project/Final_Project.srcs/sources_1/new/pred_ctr.v" Line 22. Module pred_ctr doesn't have a timescale but at least one module in design has a timescale.
WARNING: [XSIM 43-4099] "D:/ECE382M/Final_Proj/Final_Project/Final_Project.srcs/sources_1/new/pred_ctr.v" Line 22. Module pred_ctr doesn't have a timescale but at least one module in design has a timescale.
WARNING: [XSIM 43-4099] "D:/ECE382M/Final_Proj/Final_Project/Final_Project.srcs/sources_1/new/pred_ctr.v" Line 22. Module pred_ctr doesn't have a timescale but at least one module in design has a timescale.
WARNING: [XSIM 43-4099] "D:/ECE382M/Final_Proj/Final_Project/Final_Project.srcs/sources_1/new/pred_ctr.v" Line 22. Module pred_ctr doesn't have a timescale but at least one module in design has a timescale.
WARNING: [XSIM 43-4099] "D:/ECE382M/Final_Proj/Final_Project/Final_Project.srcs/sources_1/new/pred_ctr.v" Line 22. Module pred_ctr doesn't have a timescale but at least one module in design has a timescale.
WARNING: [XSIM 43-4099] "D:/ECE382M/Final_Proj/Final_Project/Final_Project.srcs/sources_1/new/pred_ctr.v" Line 22. Module pred_ctr doesn't have a timescale but at least one module in design has a timescale.
WARNING: [XSIM 43-4099] "D:/ECE382M/Final_Proj/Final_Project/Final_Project.srcs/sources_1/new/pred_ctr.v" Line 22. Module pred_ctr doesn't have a timescale but at least one module in design has a timescale.
WARNING: [XSIM 43-4099] "D:/ECE382M/Final_Proj/Final_Project/Final_Project.srcs/sources_1/new/pred_ctr.v" Line 22. Module pred_ctr doesn't have a timescale but at least one module in design has a timescale.
WARNING: [XSIM 43-4099] "D:/ECE382M/Final_Proj/Final_Project/Final_Project.srcs/sources_1/new/pred_ctr.v" Line 22. Module pred_ctr doesn't have a timescale but at least one module in design has a timescale.
WARNING: [XSIM 43-4099] "D:/ECE382M/Final_Proj/Final_Project/Final_Project.srcs/sources_1/new/pred_ctr.v" Line 22. Module pred_ctr doesn't have a timescale but at least one module in design has a timescale.
WARNING: [XSIM 43-4099] "D:/ECE382M/Final_Proj/Final_Project/Final_Project.srcs/sources_1/new/pred_ctr.v" Line 22. Module pred_ctr doesn't have a timescale but at least one module in design has a timescale.
WARNING: [XSIM 43-4099] "D:/ECE382M/Final_Proj/Final_Project/Final_Project.srcs/sources_1/new/pred_ctr.v" Line 22. Module pred_ctr doesn't have a timescale but at least one module in design has a timescale.
WARNING: [XSIM 43-4099] "D:/ECE382M/Final_Proj/Final_Project/Final_Project.srcs/sources_1/new/pred_ctr.v" Line 22. Module pred_ctr doesn't have a timescale but at least one module in design has a timescale.
WARNING: [XSIM 43-4099] "D:/ECE382M/Final_Proj/Final_Project/Final_Project.srcs/sources_1/new/pred_ctr.v" Line 22. Module pred_ctr doesn't have a timescale but at least one module in design has a timescale.
WARNING: [XSIM 43-4099] "D:/ECE382M/Final_Proj/Final_Project/Final_Project.srcs/sources_1/new/pred_ctr.v" Line 22. Module pred_ctr doesn't have a timescale but at least one module in design has a timescale.
WARNING: [XSIM 43-4099] "D:/ECE382M/Final_Proj/Final_Project/Final_Project.srcs/sources_1/new/pred_ctr.v" Line 22. Module pred_ctr doesn't have a timescale but at least one module in design has a timescale.
WARNING: [XSIM 43-4099] "D:/ECE382M/Final_Proj/Final_Project/Final_Project.srcs/sources_1/new/pred_ctr.v" Line 22. Module pred_ctr doesn't have a timescale but at least one module in design has a timescale.
WARNING: [XSIM 43-4099] "D:/ECE382M/Final_Proj/Final_Project/Final_Project.srcs/sources_1/new/pred_ctr.v" Line 22. Module pred_ctr doesn't have a timescale but at least one module in design has a timescale.
WARNING: [XSIM 43-4099] "D:/ECE382M/Final_Proj/Final_Project/Final_Project.srcs/sources_1/new/pred_ctr.v" Line 22. Module pred_ctr doesn't have a timescale but at least one module in design has a timescale.
WARNING: [XSIM 43-4099] "D:/ECE382M/Final_Proj/Final_Project/Final_Project.srcs/sources_1/new/pred_ctr.v" Line 22. Module pred_ctr doesn't have a timescale but at least one module in design has a timescale.
WARNING: [XSIM 43-4099] "D:/ECE382M/Final_Proj/Final_Project/Final_Project.srcs/sources_1/new/pred_ctr.v" Line 22. Module pred_ctr doesn't have a timescale but at least one module in design has a timescale.
WARNING: [XSIM 43-4099] "D:/ECE382M/Final_Proj/Final_Project/Final_Project.srcs/sources_1/new/pred_ctr.v" Line 22. Module pred_ctr doesn't have a timescale but at least one module in design has a timescale.
WARNING: [XSIM 43-4099] "D:/ECE382M/Final_Proj/Final_Project/Final_Project.srcs/sources_1/new/pred_ctr.v" Line 22. Module pred_ctr doesn't have a timescale but at least one module in design has a timescale.
WARNING: [XSIM 43-4099] "D:/ECE382M/Final_Proj/Final_Project/Final_Project.srcs/sources_1/new/pred_ctr.v" Line 22. Module pred_ctr doesn't have a timescale but at least one module in design has a timescale.
WARNING: [XSIM 43-4099] "D:/ECE382M/Final_Proj/Final_Project/Final_Project.srcs/sources_1/new/pred_ctr.v" Line 22. Module pred_ctr doesn't have a timescale but at least one module in design has a timescale.
WARNING: [XSIM 43-4099] "D:/ECE382M/Final_Proj/Final_Project/Final_Project.srcs/sources_1/new/pred_ctr.v" Line 22. Module pred_ctr doesn't have a timescale but at least one module in design has a timescale.
INFO: [Common 17-14] Message 'XSIM 43-4099' appears 100 times and further instances of the messages will be disabled. Use the Tcl command set_msg_config to change the current settings.
Completed simulation data flow analysis
Time Resolution for simulation is 1ps
Compiling module xil_defaultlib.memory(test=60000)
Compiling module xil_defaultlib.bpi
Compiling module xil_defaultlib.pred_ctr
Compiling module xil_defaultlib.base_pred_default
Compiling module xil_defaultlib.use_ctr
Compiling module xil_defaultlib.pht_t1_default
Compiling module xil_defaultlib.folder_4b
Compiling module xil_defaultlib.folder_5b
Compiling module xil_defaultlib.pht_t2_default
Compiling module xil_defaultlib.folder_3b
Compiling module xil_defaultlib.pht_t3_default
Compiling module xil_defaultlib.mux
Compiling module xil_defaultlib.var_mux_default
Compiling module xil_defaultlib.pred_logic_vm
Compiling module xil_defaultlib.accuracy
Compiling module xil_defaultlib.top_bp
Compiling module xil_defaultlib.bp_top_tb
Compiling module xil_defaultlib.glbl
Built simulation snapshot bp_top_tb_behav
