INFO: [VRFC 10-2263] Analyzing Verilog file "D:/ECE382M/Final_Proj/Final_Project/Final_Project.srcs/sources_1/new/pred_ctr.v" into library xil_defaultlib
INFO: [VRFC 10-311] analyzing module pred_ctr
INFO: [VRFC 10-2263] Analyzing Verilog file "D:/ECE382M/Final_Proj/Final_Project/Final_Project.srcs/sources_1/new/use_ctr.v" into library xil_defaultlib
INFO: [VRFC 10-311] analyzing module use_ctr
INFO: [VRFC 10-2263] Analyzing Verilog file "D:/ECE382M/Final_Proj/Final_Project/Final_Project.srcs/sources_1/new/pht.v" into library xil_defaultlib
INFO: [VRFC 10-311] analyzing module pht
INFO: [VRFC 10-2263] Analyzing Verilog file "D:/ECE382M/Final_Proj/Final_Project/Final_Project.srcs/sources_1/new/base_pred.v" into library xil_defaultlib
INFO: [VRFC 10-311] analyzing module base_pred
INFO: [VRFC 10-2263] Analyzing Verilog file "D:/ECE382M/Final_Proj/Final_Project/Final_Project.srcs/sources_1/new/memory.v" into library xil_defaultlib
INFO: [VRFC 10-311] analyzing module memory
INFO: [VRFC 10-2263] Analyzing Verilog file "D:/ECE382M/Final_Proj/Final_Project/Final_Project.srcs/sources_1/new/accuracy.v" into library xil_defaultlib
INFO: [VRFC 10-311] analyzing module accuracy
INFO: [VRFC 10-2263] Analyzing Verilog file "D:/ECE382M/Final_Proj/Final_Project/Final_Project.srcs/sources_1/imports/TAGE-Branch-Predictor/bpi.v" into library xil_defaultlib
INFO: [VRFC 10-311] analyzing module bpi
INFO: [VRFC 10-2263] Analyzing Verilog file "D:/ECE382M/Final_Proj/Final_Project/Final_Project.srcs/sources_1/imports/TAGE-Branch-Predictor/prediction.v" into library xil_defaultlib
INFO: [VRFC 10-311] analyzing module prediction
INFO: [VRFC 10-2263] Analyzing Verilog file "D:/ECE382M/Final_Proj/Final_Project/Final_Project.srcs/sources_1/new/top_bp.v" into library xil_defaultlib
INFO: [VRFC 10-311] analyzing module top_bp
INFO: [VRFC 10-2263] Analyzing Verilog file "D:/ECE382M/Final_Proj/Final_Project/Final_Project.srcs/sources_1/imports/TAGE-Branch-Predictor/pht_t2.v" into library xil_defaultlib
INFO: [VRFC 10-311] analyzing module pht_t2
INFO: [VRFC 10-2263] Analyzing Verilog file "D:/ECE382M/Final_Proj/Final_Project/Final_Project.srcs/sources_1/imports/TAGE-Branch-Predictor/pht_t3.v" into library xil_defaultlib
INFO: [VRFC 10-311] analyzing module pht_t3
INFO: [VRFC 10-2263] Analyzing Verilog file "D:/ECE382M/Final_Proj/Final_Project/Final_Project.srcs/sources_1/imports/TAGE-Branch-Predictor/pht_t1.v" into library xil_defaultlib
INFO: [VRFC 10-311] analyzing module pht_t1
INFO: [VRFC 10-2263] Analyzing Verilog file "D:/ECE382M/Final_Proj/Final_Project/Final_Project.srcs/sources_1/new/var_mux.v" into library xil_defaultlib
INFO: [VRFC 10-311] analyzing module var_mux
INFO: [VRFC 10-2263] Analyzing Verilog file "D:/ECE382M/Final_Proj/Final_Project/Final_Project.srcs/sources_1/new/mux.v" into library xil_defaultlib
INFO: [VRFC 10-311] analyzing module mux
INFO: [VRFC 10-2263] Analyzing Verilog file "D:/ECE382M/Final_Proj/Final_Project/Final_Project.srcs/sources_1/new/pred_log_vm.v" into library xil_defaultlib
INFO: [VRFC 10-311] analyzing module pred_logic_vm
INFO: [VRFC 10-2263] Analyzing Verilog file "D:/ECE382M/Final_Proj/Final_Project/Final_Project.srcs/sources_1/imports/TAGE-Branch-Predictor/folder_7b.v" into library xil_defaultlib
INFO: [VRFC 10-311] analyzing module folder_7b
INFO: [VRFC 10-2263] Analyzing Verilog file "D:/ECE382M/Final_Proj/Final_Project/Final_Project.srcs/sources_1/imports/TAGE-Branch-Predictor/folder_5b.v" into library xil_defaultlib
INFO: [VRFC 10-311] analyzing module folder_5b
INFO: [VRFC 10-2263] Analyzing Verilog file "D:/ECE382M/Final_Proj/Final_Project/Final_Project.srcs/sources_1/imports/TAGE-Branch-Predictor/folder_6b.v" into library xil_defaultlib
INFO: [VRFC 10-311] analyzing module folder_6b
INFO: [VRFC 10-2263] Analyzing Verilog file "D:/ECE382M/Final_Proj/Final_Project/Final_Project.srcs/sources_1/imports/TAGE-Branch-Predictor/folder_8b.v" into library xil_defaultlib
INFO: [VRFC 10-311] analyzing module folder_8b
INFO: [VRFC 10-2263] Analyzing Verilog file "D:/ECE382M/Final_Proj/Final_Project/Final_Project.srcs/sources_1/imports/TAGE-Branch-Predictor/folder_4b.v" into library xil_defaultlib
INFO: [VRFC 10-311] analyzing module folder_4b
INFO: [VRFC 10-2263] Analyzing Verilog file "D:/ECE382M/Final_Proj/Final_Project/Final_Project.srcs/sources_1/new/folder_3b.v" into library xil_defaultlib
INFO: [VRFC 10-311] analyzing module folder_3b
INFO: [VRFC 10-2263] Analyzing Verilog file "D:/ECE382M/Final_Proj/Final_Project/Final_Project.srcs/sim_1/new/base_pred_tb.v" into library xil_defaultlib
INFO: [VRFC 10-311] analyzing module base_pred_tb
INFO: [VRFC 10-2263] Analyzing Verilog file "D:/ECE382M/Final_Proj/Final_Project/Final_Project.srcs/sim_1/new/ctr_tb.v" into library xil_defaultlib
INFO: [VRFC 10-311] analyzing module ctr_tb
INFO: [VRFC 10-2263] Analyzing Verilog file "D:/ECE382M/Final_Proj/Final_Project/Final_Project.srcs/sim_1/imports/TAGE-Branch-Predictor/pht_tb_v1.v" into library xil_defaultlib
INFO: [VRFC 10-311] analyzing module pht_tb
INFO: [VRFC 10-2263] Analyzing Verilog file "D:/ECE382M/Final_Proj/Final_Project/Final_Project.srcs/sim_1/new/memory_tb.v" into library xil_defaultlib
INFO: [VRFC 10-311] analyzing module memory_tb
INFO: [VRFC 10-2263] Analyzing Verilog file "D:/ECE382M/Final_Proj/Final_Project/Final_Project.srcs/sim_1/new/bp_top_tb.v" into library xil_defaultlib
INFO: [VRFC 10-311] analyzing module bp_top_tb
INFO: [VRFC 10-2263] Analyzing Verilog file "D:/ECE382M/Final_Proj/Final_Project/Final_Project.srcs/sim_1/new/var_mux_tb.v" into library xil_defaultlib
INFO: [VRFC 10-311] analyzing module var_mux_tb
